2026-01-05 21:11:42,937 ERROR: Exception on /2026-predictions [GET] [in /home/hagen/Projects/2026_predictions/venv/lib/python3.13/site-packages/flask/app.py:875]
Traceback (most recent call last):
  File "/home/hagen/Projects/2026_predictions/venv/lib/python3.13/site-packages/flask/app.py", line 1511, in wsgi_app
    response = self.full_dispatch_request()
  File "/home/hagen/Projects/2026_predictions/venv/lib/python3.13/site-packages/flask/app.py", line 919, in full_dispatch_request
    rv = self.handle_user_exception(e)
  File "/home/hagen/Projects/2026_predictions/venv/lib/python3.13/site-packages/flask/app.py", line 917, in full_dispatch_request
    rv = self.dispatch_request()
  File "/home/hagen/Projects/2026_predictions/venv/lib/python3.13/site-packages/flask/app.py", line 902, in dispatch_request
    return self.ensure_sync(self.view_functions[rule.endpoint])(**view_args)  # type: ignore[no-any-return]
           ~~~~~~~~~~~~~~~~~~~~~~~~~~~~~~~~~~~~~~~~~~~~~~~~~~~~^^^^^^^^^^^^^
  File "/home/hagen/Projects/2026_predictions/venv/lib/python3.13/site-packages/flask_login/utils.py", line 290, in decorated_view
    return current_app.ensure_sync(func)(*args, **kwargs)
           ~~~~~~~~~~~~~~~~~~~~~~~~~~~~~^^^^^^^^^^^^^^^^^
  File "/home/hagen/Projects/2026_predictions/app/main/routes.py", line 23, in prediction_overview
    all_sorted_predictions[p.user_id].append(p)
    ^^^^^^^^^^^^^^^^^^^^^^
NameError: name 'all_sorted_predictions' is not defined. Did you mean: 'all_sorted_preditions'?
2026-01-05 21:20:15,390 INFO: app startup [in /home/hagen/Projects/2026_predictions/app/__init__.py:42]
2026-01-05 21:20:33,925 INFO: 1 [in /home/hagen/Projects/2026_predictions/app/main/routes.py:31]
2026-01-05 21:20:33,926 INFO: defaultdict(<class 'list'>, {'POL': [<Prediction 1>]}) [in /home/hagen/Projects/2026_predictions/app/main/routes.py:36]
